ARM Linker, 5.03 [Build 24] [MDK-ARM Standard]

==============================================================================

Section Cross References

    system_stm32f10x.o(.text) refers to system_stm32f10x.o(.data) for SystemCoreClock
    main.o(.text) refers to gpio.o(.text) for GPIO_Config
    main.o(.text) refers to usart1.o(.text) for USART1_Config
    main.o(.text) refers to glow_tube_display.o(.text) for glow_tube_init
    main.o(.text) refers to ds3231.o(.text) for Time_Handle
    main.o(.text) refers to ds3231.o(.data) for TimeValue
    ds3231.o(.text) refers to i2c.o(.text) for IIC_Start
    ds3231.o(.text) refers to ffltui.o(.text) for __aeabi_ui2f
    ds3231.o(.text) refers to fmul.o(.text) for __aeabi_fmul
    ds3231.o(.text) refers to ffixui.o(.text) for __aeabi_f2uiz
    ds3231.o(.text) refers to ds3231.o(.data) for TimeValue
    gpio.o(.text) refers to stm32f10x_rcc.o(.text) for RCC_APB2PeriphClockCmd
    gpio.o(.text) refers to stm32f10x_gpio.o(.text) for GPIO_Init
    i2c.o(.text) refers to gpio.o(.text) for IIC_SDA_OUT
    i2c.o(.text) refers to stm32f10x_gpio.o(.text) for GPIO_SetBits
    i2c.o(.text) refers to delay.o(.text) for delay_us
    usart1.o(.text) refers to stm32f10x_rcc.o(.text) for RCC_APB2PeriphClockCmd
    usart1.o(.text) refers to stm32f10x_gpio.o(.text) for GPIO_Init
    usart1.o(.text) refers to stm32f10x_usart.o(.text) for USART_Init
    glow_tube_display.o(.text) refers to stm32f10x_rcc.o(.text) for RCC_APB2PeriphClockCmd
    glow_tube_display.o(.text) refers to stm32f10x_gpio.o(.text) for GPIO_Init
    glow_tube_display.o(.text) refers to glow_tube_display.o(.data) for IOStat0
    glow_tube_display.o(.text) refers to glow_tube_display.o(.constdata) for Divergence_MEM
    stm32f10x_adc.o(.text) refers to stm32f10x_rcc.o(.text) for RCC_APB2PeriphResetCmd
    stm32f10x_bkp.o(.text) refers to stm32f10x_rcc.o(.text) for RCC_BackupResetCmd
    stm32f10x_can.o(.text) refers to stm32f10x_rcc.o(.text) for RCC_APB1PeriphResetCmd
    stm32f10x_cec.o(.text) refers to stm32f10x_rcc.o(.text) for RCC_APB1PeriphResetCmd
    stm32f10x_dac.o(.text) refers to stm32f10x_rcc.o(.text) for RCC_APB1PeriphResetCmd
    stm32f10x_gpio.o(.text) refers to stm32f10x_rcc.o(.text) for RCC_APB2PeriphResetCmd
    stm32f10x_i2c.o(.text) refers to stm32f10x_rcc.o(.text) for RCC_APB1PeriphResetCmd
    stm32f10x_pwr.o(.text) refers to stm32f10x_rcc.o(.text) for RCC_APB1PeriphResetCmd
    stm32f10x_rcc.o(.text) refers to stm32f10x_rcc.o(.data) for APBAHBPrescTable
    stm32f10x_spi.o(.text) refers to stm32f10x_rcc.o(.text) for RCC_APB2PeriphResetCmd
    stm32f10x_tim.o(.text) refers to stm32f10x_rcc.o(.text) for RCC_APB2PeriphResetCmd
    stm32f10x_usart.o(.text) refers to stm32f10x_rcc.o(.text) for RCC_APB2PeriphResetCmd
    stm32f10x_wwdg.o(.text) refers to stm32f10x_rcc.o(.text) for RCC_APB1PeriphResetCmd
    startup_stm32f10x_hd.o(RESET) refers to startup_stm32f10x_hd.o(STACK) for __initial_sp
    startup_stm32f10x_hd.o(RESET) refers to startup_stm32f10x_hd.o(.text) for Reset_Handler
    startup_stm32f10x_hd.o(RESET) refers to stm32f10x_it.o(.text) for NMI_Handler
    startup_stm32f10x_hd.o(.text) refers to system_stm32f10x.o(.text) for SystemInit
    startup_stm32f10x_hd.o(.text) refers to entry.o(.ARM.Collect$$$$00000000) for __main
    entry.o(.ARM.Collect$$$$00000000) refers (Special) to entry10a.o(.ARM.Collect$$$$0000000D) for __rt_final_cpp
    entry.o(.ARM.Collect$$$$00000000) refers (Special) to entry11a.o(.ARM.Collect$$$$0000000F) for __rt_final_exit
    entry.o(.ARM.Collect$$$$00000000) refers (Special) to entry7b.o(.ARM.Collect$$$$00000008) for _main_clock
    entry.o(.ARM.Collect$$$$00000000) refers (Special) to entry8b.o(.ARM.Collect$$$$0000000A) for _main_cpp_init
    entry.o(.ARM.Collect$$$$00000000) refers (Special) to entry9a.o(.ARM.Collect$$$$0000000B) for _main_init
    entry.o(.ARM.Collect$$$$00000000) refers (Special) to entry5.o(.ARM.Collect$$$$00000004) for _main_scatterload
    entry.o(.ARM.Collect$$$$00000000) refers (Special) to entry2.o(.ARM.Collect$$$$00000001) for _main_stk
    fmul.o(.text) refers (Special) to iusefp.o(.text) for __I$use$fp
    ffltui.o(.text) refers (Special) to iusefp.o(.text) for __I$use$fp
    ffltui.o(.text) refers to fepilogue.o(.text) for _float_epilogue
    ffixui.o(.text) refers (Special) to iusefp.o(.text) for __I$use$fp
    entry2.o(.ARM.Collect$$$$00000001) refers to entry2.o(.ARM.Collect$$$$00002712) for __lit__00000000
    entry2.o(.ARM.Collect$$$$00002712) refers to startup_stm32f10x_hd.o(STACK) for __initial_sp
    entry2.o(__vectab_stack_and_reset_area) refers to startup_stm32f10x_hd.o(STACK) for __initial_sp
    entry2.o(__vectab_stack_and_reset_area) refers to entry.o(.ARM.Collect$$$$00000000) for __main
    entry5.o(.ARM.Collect$$$$00000004) refers to init.o(.text) for __scatterload
    entry9a.o(.ARM.Collect$$$$0000000B) refers to main.o(.text) for main
    entry9b.o(.ARM.Collect$$$$0000000C) refers to main.o(.text) for main
    init.o(.text) refers to entry5.o(.ARM.Collect$$$$00000004) for __main_after_scatterload


==============================================================================

Removing Unused input sections from the image.

    Removing core_cm3.o(.emb_text), (32 bytes).
    Removing main.o(.data), (4 bytes).
    Removing misc.o(.text), (220 bytes).
    Removing stm32f10x_adc.o(.text), (1102 bytes).
    Removing stm32f10x_bkp.o(.text), (196 bytes).
    Removing stm32f10x_can.o(.text), (2536 bytes).
    Removing stm32f10x_cec.o(.text), (288 bytes).
    Removing stm32f10x_crc.o(.text), (72 bytes).
    Removing stm32f10x_dac.o(.text), (396 bytes).
    Removing stm32f10x_dbgmcu.o(.text), (48 bytes).
    Removing stm32f10x_dma.o(.text), (592 bytes).
    Removing stm32f10x_exti.o(.text), (284 bytes).
    Removing stm32f10x_flash.o(.text), (1468 bytes).
    Removing stm32f10x_fsmc.o(.text), (1560 bytes).
    Removing stm32f10x_i2c.o(.text), (1028 bytes).
    Removing stm32f10x_iwdg.o(.text), (64 bytes).
    Removing stm32f10x_pwr.o(.text), (204 bytes).
    Removing stm32f10x_rtc.o(.text), (324 bytes).
    Removing stm32f10x_sdio.o(.text), (472 bytes).
    Removing stm32f10x_spi.o(.text), (780 bytes).
    Removing stm32f10x_tim.o(.text), (3610 bytes).
    Removing stm32f10x_wwdg.o(.text), (136 bytes).
    Removing startup_stm32f10x_hd.o(HEAP), (512 bytes).

23 unused section(s) (total 15928 bytes) removed from the image.

==============================================================================

Image Symbol Table

    Local Symbols

    Symbol Name                              Value     Ov Type        Size  Object(Section)

    ../clib/microlib/init/entry.s            0x00000000   Number         0  entry.o ABSOLUTE
    ../clib/microlib/init/entry.s            0x00000000   Number         0  entry7b.o ABSOLUTE
    ../clib/microlib/init/entry.s            0x00000000   Number         0  entry10b.o ABSOLUTE
    ../clib/microlib/init/entry.s            0x00000000   Number         0  entry10a.o ABSOLUTE
    ../clib/microlib/init/entry.s            0x00000000   Number         0  entry7a.o ABSOLUTE
    ../clib/microlib/init/entry.s            0x00000000   Number         0  entry11b.o ABSOLUTE
    ../clib/microlib/init/entry.s            0x00000000   Number         0  entry9b.o ABSOLUTE
    ../clib/microlib/init/entry.s            0x00000000   Number         0  entry5.o ABSOLUTE
    ../clib/microlib/init/entry.s            0x00000000   Number         0  entry9a.o ABSOLUTE
    ../clib/microlib/init/entry.s            0x00000000   Number         0  entry2.o ABSOLUTE
    ../clib/microlib/init/entry.s            0x00000000   Number         0  entry8b.o ABSOLUTE
    ../clib/microlib/init/entry.s            0x00000000   Number         0  entry8a.o ABSOLUTE
    ../clib/microlib/init/entry.s            0x00000000   Number         0  entry11a.o ABSOLUTE
    ../clib/microlib/stubs.s                 0x00000000   Number         0  iusefp.o ABSOLUTE
    ../fplib/microlib/fpepilogue.c           0x00000000   Number         0  fepilogue.o ABSOLUTE
    ../fplib/microlib/fpfix.c                0x00000000   Number         0  ffixui.o ABSOLUTE
    ../fplib/microlib/fpflt.c                0x00000000   Number         0  ffltui.o ABSOLUTE
    ../fplib/microlib/fpmul.c                0x00000000   Number         0  fmul.o ABSOLUTE
    ..\CMSIS\core_cm3.c                      0x00000000   Number         0  core_cm3.o ABSOLUTE
    ..\CMSIS\startup\startup_stm32f10x_hd.s  0x00000000   Number         0  startup_stm32f10x_hd.o ABSOLUTE
    ..\CMSIS\system_stm32f10x.c              0x00000000   Number         0  system_stm32f10x.o ABSOLUTE
    ..\Driver\delay.c                        0x00000000   Number         0  delay.o ABSOLUTE
    ..\Driver\ds3231.c                       0x00000000   Number         0  ds3231.o ABSOLUTE
    ..\Driver\gpio.c                         0x00000000   Number         0  gpio.o ABSOLUTE
    ..\Driver\i2c.c                          0x00000000   Number         0  i2c.o ABSOLUTE
    ..\Driver\usart1.c                       0x00000000   Number         0  usart1.o ABSOLUTE
    ..\FWLib\src\misc.c                      0x00000000   Number         0  misc.o ABSOLUTE
    ..\FWLib\src\stm32f10x_adc.c             0x00000000   Number         0  stm32f10x_adc.o ABSOLUTE
    ..\FWLib\src\stm32f10x_bkp.c             0x00000000   Number         0  stm32f10x_bkp.o ABSOLUTE
    ..\FWLib\src\stm32f10x_can.c             0x00000000   Number         0  stm32f10x_can.o ABSOLUTE
    ..\FWLib\src\stm32f10x_cec.c             0x00000000   Number         0  stm32f10x_cec.o ABSOLUTE
    ..\FWLib\src\stm32f10x_crc.c             0x00000000   Number         0  stm32f10x_crc.o ABSOLUTE
    ..\FWLib\src\stm32f10x_dac.c             0x00000000   Number         0  stm32f10x_dac.o ABSOLUTE
    ..\FWLib\src\stm32f10x_dbgmcu.c          0x00000000   Number         0  stm32f10x_dbgmcu.o ABSOLUTE
    ..\FWLib\src\stm32f10x_dma.c             0x00000000   Number         0  stm32f10x_dma.o ABSOLUTE
    ..\FWLib\src\stm32f10x_exti.c            0x00000000   Number         0  stm32f10x_exti.o ABSOLUTE
    ..\FWLib\src\stm32f10x_flash.c           0x00000000   Number         0  stm32f10x_flash.o ABSOLUTE
    ..\FWLib\src\stm32f10x_fsmc.c            0x00000000   Number         0  stm32f10x_fsmc.o ABSOLUTE
    ..\FWLib\src\stm32f10x_gpio.c            0x00000000   Number         0  stm32f10x_gpio.o ABSOLUTE
    ..\FWLib\src\stm32f10x_i2c.c             0x00000000   Number         0  stm32f10x_i2c.o ABSOLUTE
    ..\FWLib\src\stm32f10x_iwdg.c            0x00000000   Number         0  stm32f10x_iwdg.o ABSOLUTE
    ..\FWLib\src\stm32f10x_pwr.c             0x00000000   Number         0  stm32f10x_pwr.o ABSOLUTE
    ..\FWLib\src\stm32f10x_rcc.c             0x00000000   Number         0  stm32f10x_rcc.o ABSOLUTE
    ..\FWLib\src\stm32f10x_rtc.c             0x00000000   Number         0  stm32f10x_rtc.o ABSOLUTE
    ..\FWLib\src\stm32f10x_sdio.c            0x00000000   Number         0  stm32f10x_sdio.o ABSOLUTE
    ..\FWLib\src\stm32f10x_spi.c             0x00000000   Number         0  stm32f10x_spi.o ABSOLUTE
    ..\FWLib\src\stm32f10x_tim.c             0x00000000   Number         0  stm32f10x_tim.o ABSOLUTE
    ..\FWLib\src\stm32f10x_usart.c           0x00000000   Number         0  stm32f10x_usart.o ABSOLUTE
    ..\FWLib\src\stm32f10x_wwdg.c            0x00000000   Number         0  stm32f10x_wwdg.o ABSOLUTE
    ..\\CMSIS\\core_cm3.c                    0x00000000   Number         0  core_cm3.o ABSOLUTE
    dc.s                                     0x00000000   Number         0  dc.o ABSOLUTE
    glow_tube_display.c                      0x00000000   Number         0  glow_tube_display.o ABSOLUTE
    handlers.s                               0x00000000   Number         0  handlers.o ABSOLUTE
    init.s                                   0x00000000   Number         0  init.o ABSOLUTE
    main.c                                   0x00000000   Number         0  main.o ABSOLUTE
    stm32f10x_it.c                           0x00000000   Number         0  stm32f10x_it.o ABSOLUTE
    RESET                                    0x08000000   Section      304  startup_stm32f10x_hd.o(RESET)
    .ARM.Collect$$$$00000000                 0x08000130   Section        0  entry.o(.ARM.Collect$$$$00000000)
    .ARM.Collect$$$$00000001                 0x08000130   Section        4  entry2.o(.ARM.Collect$$$$00000001)
    .ARM.Collect$$$$00000004                 0x08000134   Section        4  entry5.o(.ARM.Collect$$$$00000004)
    .ARM.Collect$$$$00000008                 0x08000138   Section        0  entry7b.o(.ARM.Collect$$$$00000008)
    .ARM.Collect$$$$0000000A                 0x08000138   Section        0  entry8b.o(.ARM.Collect$$$$0000000A)
    .ARM.Collect$$$$0000000B                 0x08000138   Section        8  entry9a.o(.ARM.Collect$$$$0000000B)
    .ARM.Collect$$$$0000000D                 0x08000140   Section        0  entry10a.o(.ARM.Collect$$$$0000000D)
    .ARM.Collect$$$$0000000F                 0x08000140   Section        0  entry11a.o(.ARM.Collect$$$$0000000F)
    .ARM.Collect$$$$00002712                 0x08000140   Section        4  entry2.o(.ARM.Collect$$$$00002712)
    __lit__00000000                          0x08000140   Data           4  entry2.o(.ARM.Collect$$$$00002712)
    .text                                    0x08000144   Section        0  system_stm32f10x.o(.text)
    SetSysClockTo72                          0x08000145   Thumb Code   212  system_stm32f10x.o(.text)
    SetSysClock                              0x08000219   Thumb Code     8  system_stm32f10x.o(.text)
    .text                                    0x08000320   Section        0  main.o(.text)
    .text                                    0x0800038c   Section        0  stm32f10x_it.o(.text)
    .text                                    0x080003a6   Section        0  delay.o(.text)
    .text                                    0x080003c4   Section        0  ds3231.o(.text)
    .text                                    0x0800075c   Section        0  gpio.o(.text)
    .text                                    0x080007d4   Section        0  i2c.o(.text)
    .text                                    0x0800099c   Section        0  usart1.o(.text)
    itoa                                     0x08000a2d   Thumb Code    98  usart1.o(.text)
    .text                                    0x08000b9c   Section        0  glow_tube_display.o(.text)
    .text                                    0x080026f4   Section        0  stm32f10x_gpio.o(.text)
    .text                                    0x08002a4c   Section        0  stm32f10x_rcc.o(.text)
    .text                                    0x08002df0   Section        0  stm32f10x_usart.o(.text)
    .text                                    0x080031f8   Section       36  startup_stm32f10x_hd.o(.text)
    .text                                    0x0800321c   Section        0  fmul.o(.text)
    .text                                    0x08003288   Section        0  ffltui.o(.text)
    .text                                    0x08003292   Section        0  ffixui.o(.text)
    .text                                    0x080032ba   Section        0  iusefp.o(.text)
    .text                                    0x080032ba   Section        0  fepilogue.o(.text)
    .text                                    0x08003328   Section       36  init.o(.text)
    i.__scatterload_copy                     0x0800334c   Section       14  handlers.o(i.__scatterload_copy)
    i.__scatterload_null                     0x0800335a   Section        2  handlers.o(i.__scatterload_null)
    i.__scatterload_zeroinit                 0x0800335c   Section       14  handlers.o(i.__scatterload_zeroinit)
    .constdata                               0x0800336c   Section      152  glow_tube_display.o(.constdata)
    .data                                    0x20000000   Section       20  system_stm32f10x.o(.data)
    .data                                    0x20000014   Section       37  ds3231.o(.data)
    .data                                    0x2000003c   Section       26  glow_tube_display.o(.data)
    .data                                    0x20000056   Section       20  stm32f10x_rcc.o(.data)
    APBAHBPrescTable                         0x20000056   Data          16  stm32f10x_rcc.o(.data)
    ADCPrescTable                            0x20000066   Data           4  stm32f10x_rcc.o(.data)
    STACK                                    0x20000070   Section     1024  startup_stm32f10x_hd.o(STACK)

    Global Symbols

    Symbol Name                              Value     Ov Type        Size  Object(Section)

    BuildAttributes$$THM_ISAv4$P$D$K$B$S$PE$A:L22UL41UL21$X:L11$S22US41US21$IEEE1$IW$USESV6$~STKCKD$USESV7$~SHL$OTIME$ROPI$EBA8$MICROLIB$REQ8$PRES8$EABIv2 0x00000000   Number         0  anon$$obj.o ABSOLUTE
    __ARM_use_no_argv                        0x00000000   Number         0  main.o ABSOLUTE
    __cpp_initialize__aeabi_                  - Undefined Weak Reference
    __cxa_finalize                            - Undefined Weak Reference
    __decompress                              - Undefined Weak Reference
    _clock_init                               - Undefined Weak Reference
    _microlib_exit                            - Undefined Weak Reference
    __Vectors_Size                           0x00000130   Number         0  startup_stm32f10x_hd.o ABSOLUTE
    __Vectors                                0x08000000   Data           4  startup_stm32f10x_hd.o(RESET)
    __Vectors_End                            0x08000130   Data           0  startup_stm32f10x_hd.o(RESET)
    __main                                   0x08000131   Thumb Code     0  entry.o(.ARM.Collect$$$$00000000)
    _main_stk                                0x08000131   Thumb Code     0  entry2.o(.ARM.Collect$$$$00000001)
    _main_scatterload                        0x08000135   Thumb Code     0  entry5.o(.ARM.Collect$$$$00000004)
    __main_after_scatterload                 0x08000139   Thumb Code     0  entry5.o(.ARM.Collect$$$$00000004)
    _main_clock                              0x08000139   Thumb Code     0  entry7b.o(.ARM.Collect$$$$00000008)
    _main_cpp_init                           0x08000139   Thumb Code     0  entry8b.o(.ARM.Collect$$$$0000000A)
    _main_init                               0x08000139   Thumb Code     0  entry9a.o(.ARM.Collect$$$$0000000B)
    __rt_final_cpp                           0x08000141   Thumb Code     0  entry10a.o(.ARM.Collect$$$$0000000D)
    __rt_final_exit                          0x08000141   Thumb Code     0  entry11a.o(.ARM.Collect$$$$0000000F)
    SystemInit                               0x08000221   Thumb Code    78  system_stm32f10x.o(.text)
    SystemCoreClockUpdate                    0x0800026f   Thumb Code   142  system_stm32f10x.o(.text)
    delay                                    0x08000321   Thumb Code    26  main.o(.text)
    main                                     0x0800033b   Thumb Code    76  main.o(.text)
    NMI_Handler                              0x0800038d   Thumb Code     2  stm32f10x_it.o(.text)
    HardFault_Handler                        0x0800038f   Thumb Code     4  stm32f10x_it.o(.text)
    MemManage_Handler                        0x08000393   Thumb Code     4  stm32f10x_it.o(.text)
    BusFault_Handler                         0x08000397   Thumb Code     4  stm32f10x_it.o(.text)
    UsageFault_Handler                       0x0800039b   Thumb Code     4  stm32f10x_it.o(.text)
    SVC_Handler                              0x0800039f   Thumb Code     2  stm32f10x_it.o(.text)
    DebugMon_Handler                         0x080003a1   Thumb Code     2  stm32f10x_it.o(.text)
    PendSV_Handler                           0x080003a3   Thumb Code     2  stm32f10x_it.o(.text)
    SysTick_Handler                          0x080003a5   Thumb Code     2  stm32f10x_it.o(.text)
    delay_us                                 0x080003a7   Thumb Code    30  delay.o(.text)
    DS3231_Write_Byte                        0x080003c5   Thumb Code    36  ds3231.o(.text)
    DS3231_Read_Byte                         0x080003e9   Thumb Code    52  ds3231.o(.text)
    DS3231_Operate_Register                  0x0800041d   Thumb Code   134  ds3231.o(.text)
    DS3231_ReadWrite_Time                    0x080004a3   Thumb Code   166  ds3231.o(.text)
    DS3231_Time_Init                         0x08000549   Thumb Code    62  ds3231.o(.text)
    DS3231_Check                             0x08000587   Thumb Code    38  ds3231.o(.text)
    Time_Handle                              0x080005ad   Thumb Code   204  ds3231.o(.text)
    DS3231_Read_Temp                         0x08000679   Thumb Code   202  ds3231.o(.text)
    GPIO_Config                              0x0800075d   Thumb Code    40  gpio.o(.text)
    IIC_SDA_OUT                              0x08000785   Thumb Code    40  gpio.o(.text)
    IIC_SDA_IN                               0x080007ad   Thumb Code    34  gpio.o(.text)
    IIC_Start                                0x080007d5   Thumb Code    72  i2c.o(.text)
    IIC_Stop                                 0x0800081d   Thumb Code    56  i2c.o(.text)
    IIC_Ack                                  0x08000855   Thumb Code    72  i2c.o(.text)
    IIC_Write_Byte                           0x0800089d   Thumb Code   148  i2c.o(.text)
    IIC_Read_Byte                            0x08000931   Thumb Code   102  i2c.o(.text)
    USART1_Config                            0x0800099d   Thumb Code   114  usart1.o(.text)
    fputc                                    0x08000a0f   Thumb Code    30  usart1.o(.text)
    USART1_printf                            0x08000a8f   Thumb Code   262  usart1.o(.text)
    Soft_delay_ms                            0x08000b9d   Thumb Code    30  glow_tube_display.o(.text)
    glow_tube_init                           0x08000bbb   Thumb Code   170  glow_tube_display.o(.text)
    glow_tube_clr                            0x08000c65   Thumb Code    78  glow_tube_display.o(.text)
    glow_tube_drv                            0x08000cb3   Thumb Code  5670  glow_tube_display.o(.text)
    Divergence_change                        0x080022d9   Thumb Code   396  glow_tube_display.o(.text)
    Divergence_DEMO                          0x08002465   Thumb Code   180  glow_tube_display.o(.text)
    Show_time_D                              0x08002519   Thumb Code   272  glow_tube_display.o(.text)
    Show_time_N                              0x08002629   Thumb Code   200  glow_tube_display.o(.text)
    GPIO_DeInit                              0x080026f5   Thumb Code   172  stm32f10x_gpio.o(.text)
    GPIO_AFIODeInit                          0x080027a1   Thumb Code    20  stm32f10x_gpio.o(.text)
    GPIO_Init                                0x080027b5   Thumb Code   274  stm32f10x_gpio.o(.text)
    GPIO_StructInit                          0x080028c7   Thumb Code    16  stm32f10x_gpio.o(.text)
    GPIO_ReadInputDataBit                    0x080028d7   Thumb Code    18  stm32f10x_gpio.o(.text)
    GPIO_ReadInputData                       0x080028e9   Thumb Code     8  stm32f10x_gpio.o(.text)
    GPIO_ReadOutputDataBit                   0x080028f1   Thumb Code    18  stm32f10x_gpio.o(.text)
    GPIO_ReadOutputData                      0x08002903   Thumb Code     8  stm32f10x_gpio.o(.text)
    GPIO_SetBits                             0x0800290b   Thumb Code     4  stm32f10x_gpio.o(.text)
    GPIO_ResetBits                           0x0800290f   Thumb Code     4  stm32f10x_gpio.o(.text)
    GPIO_WriteBit                            0x08002913   Thumb Code    10  stm32f10x_gpio.o(.text)
    GPIO_Write                               0x0800291d   Thumb Code     4  stm32f10x_gpio.o(.text)
    GPIO_PinLockConfig                       0x08002921   Thumb Code    18  stm32f10x_gpio.o(.text)
    GPIO_EventOutputConfig                   0x08002933   Thumb Code    26  stm32f10x_gpio.o(.text)
    GPIO_EventOutputCmd                      0x0800294d   Thumb Code     6  stm32f10x_gpio.o(.text)
    GPIO_PinRemapConfig                      0x08002953   Thumb Code   138  stm32f10x_gpio.o(.text)
    GPIO_EXTILineConfig                      0x080029dd   Thumb Code    66  stm32f10x_gpio.o(.text)
    GPIO_ETH_MediaInterfaceConfig            0x08002a1f   Thumb Code     6  stm32f10x_gpio.o(.text)
    RCC_DeInit                               0x08002a4d   Thumb Code    64  stm32f10x_rcc.o(.text)
    RCC_HSEConfig                            0x08002a8d   Thumb Code    70  stm32f10x_rcc.o(.text)
    RCC_GetFlagStatus                        0x08002ad3   Thumb Code    56  stm32f10x_rcc.o(.text)
    RCC_WaitForHSEStartUp                    0x08002b0b   Thumb Code    56  stm32f10x_rcc.o(.text)
    RCC_AdjustHSICalibrationValue            0x08002b43   Thumb Code    20  stm32f10x_rcc.o(.text)
    RCC_HSICmd                               0x08002b57   Thumb Code     6  stm32f10x_rcc.o(.text)
    RCC_PLLConfig                            0x08002b5d   Thumb Code    24  stm32f10x_rcc.o(.text)
    RCC_PLLCmd                               0x08002b75   Thumb Code     6  stm32f10x_rcc.o(.text)
    RCC_SYSCLKConfig                         0x08002b7b   Thumb Code    18  stm32f10x_rcc.o(.text)
    RCC_GetSYSCLKSource                      0x08002b8d   Thumb Code    10  stm32f10x_rcc.o(.text)
    RCC_HCLKConfig                           0x08002b97   Thumb Code    18  stm32f10x_rcc.o(.text)
    RCC_PCLK1Config                          0x08002ba9   Thumb Code    18  stm32f10x_rcc.o(.text)
    RCC_PCLK2Config                          0x08002bbb   Thumb Code    20  stm32f10x_rcc.o(.text)
    RCC_ITConfig                             0x08002bcf   Thumb Code    26  stm32f10x_rcc.o(.text)
    RCC_USBCLKConfig                         0x08002be9   Thumb Code     6  stm32f10x_rcc.o(.text)
    RCC_ADCCLKConfig                         0x08002bef   Thumb Code    18  stm32f10x_rcc.o(.text)
    RCC_LSEConfig                            0x08002c01   Thumb Code    44  stm32f10x_rcc.o(.text)
    RCC_LSICmd                               0x08002c2d   Thumb Code     6  stm32f10x_rcc.o(.text)
    RCC_RTCCLKConfig                         0x08002c33   Thumb Code    12  stm32f10x_rcc.o(.text)
    RCC_RTCCLKCmd                            0x08002c3f   Thumb Code     8  stm32f10x_rcc.o(.text)
    RCC_GetClocksFreq                        0x08002c47   Thumb Code   192  stm32f10x_rcc.o(.text)
    RCC_AHBPeriphClockCmd                    0x08002d07   Thumb Code    26  stm32f10x_rcc.o(.text)
    RCC_APB2PeriphClockCmd                   0x08002d21   Thumb Code    26  stm32f10x_rcc.o(.text)
    RCC_APB1PeriphClockCmd                   0x08002d3b   Thumb Code    26  stm32f10x_rcc.o(.text)
    RCC_APB2PeriphResetCmd                   0x08002d55   Thumb Code    26  stm32f10x_rcc.o(.text)
    RCC_APB1PeriphResetCmd                   0x08002d6f   Thumb Code    26  stm32f10x_rcc.o(.text)
    RCC_BackupResetCmd                       0x08002d89   Thumb Code     8  stm32f10x_rcc.o(.text)
    RCC_ClockSecuritySystemCmd               0x08002d91   Thumb Code     6  stm32f10x_rcc.o(.text)
    RCC_MCOConfig                            0x08002d97   Thumb Code     6  stm32f10x_rcc.o(.text)
    RCC_ClearFlag                            0x08002d9d   Thumb Code    14  stm32f10x_rcc.o(.text)
    RCC_GetITStatus                          0x08002dab   Thumb Code    20  stm32f10x_rcc.o(.text)
    RCC_ClearITPendingBit                    0x08002dbf   Thumb Code     6  stm32f10x_rcc.o(.text)
    USART_DeInit                             0x08002df1   Thumb Code   134  stm32f10x_usart.o(.text)
    USART_Init                               0x08002e77   Thumb Code   210  stm32f10x_usart.o(.text)
    USART_StructInit                         0x08002f49   Thumb Code    24  stm32f10x_usart.o(.text)
    USART_ClockInit                          0x08002f61   Thumb Code    34  stm32f10x_usart.o(.text)
    USART_ClockStructInit                    0x08002f83   Thumb Code    12  stm32f10x_usart.o(.text)
    USART_Cmd                                0x08002f8f   Thumb Code    24  stm32f10x_usart.o(.text)
    USART_ITConfig                           0x08002fa7   Thumb Code    74  stm32f10x_usart.o(.text)
    USART_DMACmd                             0x08002ff1   Thumb Code    18  stm32f10x_usart.o(.text)
    USART_SetAddress                         0x08003003   Thumb Code    18  stm32f10x_usart.o(.text)
    USART_WakeUpConfig                       0x08003015   Thumb Code    18  stm32f10x_usart.o(.text)
    USART_ReceiverWakeUpCmd                  0x08003027   Thumb Code    24  stm32f10x_usart.o(.text)
    USART_LINBreakDetectLengthConfig         0x0800303f   Thumb Code    18  stm32f10x_usart.o(.text)
    USART_LINCmd                             0x08003051   Thumb Code    24  stm32f10x_usart.o(.text)
    USART_SendData                           0x08003069   Thumb Code     8  stm32f10x_usart.o(.text)
    USART_ReceiveData                        0x08003071   Thumb Code    10  stm32f10x_usart.o(.text)
    USART_SendBreak                          0x0800307b   Thumb Code    10  stm32f10x_usart.o(.text)
    USART_SetGuardTime                       0x08003085   Thumb Code    16  stm32f10x_usart.o(.text)
    USART_SetPrescaler                       0x08003095   Thumb Code    16  stm32f10x_usart.o(.text)
    USART_SmartCardCmd                       0x080030a5   Thumb Code    24  stm32f10x_usart.o(.text)
    USART_SmartCardNACKCmd                   0x080030bd   Thumb Code    24  stm32f10x_usart.o(.text)
    USART_HalfDuplexCmd                      0x080030d5   Thumb Code    24  stm32f10x_usart.o(.text)
    USART_OverSampling8Cmd                   0x080030ed   Thumb Code    22  stm32f10x_usart.o(.text)
    USART_OneBitMethodCmd                    0x08003103   Thumb Code    24  stm32f10x_usart.o(.text)
    USART_IrDAConfig                         0x0800311b   Thumb Code    18  stm32f10x_usart.o(.text)
    USART_IrDACmd                            0x0800312d   Thumb Code    24  stm32f10x_usart.o(.text)
    USART_GetFlagStatus                      0x08003145   Thumb Code    26  stm32f10x_usart.o(.text)
    USART_ClearFlag                          0x0800315f   Thumb Code    18  stm32f10x_usart.o(.text)
    USART_GetITStatus                        0x08003171   Thumb Code    84  stm32f10x_usart.o(.text)
    USART_ClearITPendingBit                  0x080031c5   Thumb Code    52  stm32f10x_usart.o(.text)
    Reset_Handler                            0x080031f9   Thumb Code     8  startup_stm32f10x_hd.o(.text)
    ADC1_2_IRQHandler                        0x08003213   Thumb Code     0  startup_stm32f10x_hd.o(.text)
    ADC3_IRQHandler                          0x08003213   Thumb Code     0  startup_stm32f10x_hd.o(.text)
    CAN1_RX1_IRQHandler                      0x08003213   Thumb Code     0  startup_stm32f10x_hd.o(.text)
    CAN1_SCE_IRQHandler                      0x08003213   Thumb Code     0  startup_stm32f10x_hd.o(.text)
    DMA1_Channel1_IRQHandler                 0x08003213   Thumb Code     0  startup_stm32f10x_hd.o(.text)
    DMA1_Channel2_IRQHandler                 0x08003213   Thumb Code     0  startup_stm32f10x_hd.o(.text)
    DMA1_Channel3_IRQHandler                 0x08003213   Thumb Code     0  startup_stm32f10x_hd.o(.text)
    DMA1_Channel4_IRQHandler                 0x08003213   Thumb Code     0  startup_stm32f10x_hd.o(.text)
    DMA1_Channel5_IRQHandler                 0x08003213   Thumb Code     0  startup_stm32f10x_hd.o(.text)
    DMA1_Channel6_IRQHandler                 0x08003213   Thumb Code     0  startup_stm32f10x_hd.o(.text)
    DMA1_Channel7_IRQHandler                 0x08003213   Thumb Code     0  startup_stm32f10x_hd.o(.text)
    DMA2_Channel1_IRQHandler                 0x08003213   Thumb Code     0  startup_stm32f10x_hd.o(.text)
    DMA2_Channel2_IRQHandler                 0x08003213   Thumb Code     0  startup_stm32f10x_hd.o(.text)
    DMA2_Channel3_IRQHandler                 0x08003213   Thumb Code     0  startup_stm32f10x_hd.o(.text)
    DMA2_Channel4_5_IRQHandler               0x08003213   Thumb Code     0  startup_stm32f10x_hd.o(.text)
    EXTI0_IRQHandler                         0x08003213   Thumb Code     0  startup_stm32f10x_hd.o(.text)
    EXTI15_10_IRQHandler                     0x08003213   Thumb Code     0  startup_stm32f10x_hd.o(.text)
    EXTI1_IRQHandler                         0x08003213   Thumb Code     0  startup_stm32f10x_hd.o(.text)
    EXTI2_IRQHandler                         0x08003213   Thumb Code     0  startup_stm32f10x_hd.o(.text)
    EXTI3_IRQHandler                         0x08003213   Thumb Code     0  startup_stm32f10x_hd.o(.text)
    EXTI4_IRQHandler                         0x08003213   Thumb Code     0  startup_stm32f10x_hd.o(.text)
    EXTI9_5_IRQHandler                       0x08003213   Thumb Code     0  startup_stm32f10x_hd.o(.text)
    FLASH_IRQHandler                         0x08003213   Thumb Code     0  startup_stm32f10x_hd.o(.text)
    FSMC_IRQHandler                          0x08003213   Thumb Code     0  startup_stm32f10x_hd.o(.text)
    I2C1_ER_IRQHandler                       0x08003213   Thumb Code     0  startup_stm32f10x_hd.o(.text)
    I2C1_EV_IRQHandler                       0x08003213   Thumb Code     0  startup_stm32f10x_hd.o(.text)
    I2C2_ER_IRQHandler                       0x08003213   Thumb Code     0  startup_stm32f10x_hd.o(.text)
    I2C2_EV_IRQHandler                       0x08003213   Thumb Code     0  startup_stm32f10x_hd.o(.text)
    PVD_IRQHandler                           0x08003213   Thumb Code     0  startup_stm32f10x_hd.o(.text)
    RCC_IRQHandler                           0x08003213   Thumb Code     0  startup_stm32f10x_hd.o(.text)
    RTCAlarm_IRQHandler                      0x08003213   Thumb Code     0  startup_stm32f10x_hd.o(.text)
    RTC_IRQHandler                           0x08003213   Thumb Code     0  startup_stm32f10x_hd.o(.text)
    SDIO_IRQHandler                          0x08003213   Thumb Code     0  startup_stm32f10x_hd.o(.text)
    SPI1_IRQHandler                          0x08003213   Thumb Code     0  startup_stm32f10x_hd.o(.text)
    SPI2_IRQHandler                          0x08003213   Thumb Code     0  startup_stm32f10x_hd.o(.text)
    SPI3_IRQHandler                          0x08003213   Thumb Code     0  startup_stm32f10x_hd.o(.text)
    TAMPER_IRQHandler                        0x08003213   Thumb Code     0  startup_stm32f10x_hd.o(.text)
    TIM1_BRK_IRQHandler                      0x08003213   Thumb Code     0  startup_stm32f10x_hd.o(.text)
    TIM1_CC_IRQHandler                       0x08003213   Thumb Code     0  startup_stm32f10x_hd.o(.text)
    TIM1_TRG_COM_IRQHandler                  0x08003213   Thumb Code     0  startup_stm32f10x_hd.o(.text)
    TIM1_UP_IRQHandler                       0x08003213   Thumb Code     0  startup_stm32f10x_hd.o(.text)
    TIM2_IRQHandler                          0x08003213   Thumb Code     0  startup_stm32f10x_hd.o(.text)
    TIM3_IRQHandler                          0x08003213   Thumb Code     0  startup_stm32f10x_hd.o(.text)
    TIM4_IRQHandler                          0x08003213   Thumb Code     0  startup_stm32f10x_hd.o(.text)
    TIM5_IRQHandler                          0x08003213   Thumb Code     0  startup_stm32f10x_hd.o(.text)
    TIM6_IRQHandler                          0x08003213   Thumb Code     0  startup_stm32f10x_hd.o(.text)
    TIM7_IRQHandler                          0x08003213   Thumb Code     0  startup_stm32f10x_hd.o(.text)
    TIM8_BRK_IRQHandler                      0x08003213   Thumb Code     0  startup_stm32f10x_hd.o(.text)
    TIM8_CC_IRQHandler                       0x08003213   Thumb Code     0  startup_stm32f10x_hd.o(.text)
    TIM8_TRG_COM_IRQHandler                  0x08003213   Thumb Code     0  startup_stm32f10x_hd.o(.text)
    TIM8_UP_IRQHandler                       0x08003213   Thumb Code     0  startup_stm32f10x_hd.o(.text)
    UART4_IRQHandler                         0x08003213   Thumb Code     0  startup_stm32f10x_hd.o(.text)
    UART5_IRQHandler                         0x08003213   Thumb Code     0  startup_stm32f10x_hd.o(.text)
    USART1_IRQHandler                        0x08003213   Thumb Code     0  startup_stm32f10x_hd.o(.text)
    USART2_IRQHandler                        0x08003213   Thumb Code     0  startup_stm32f10x_hd.o(.text)
    USART3_IRQHandler                        0x08003213   Thumb Code     0  startup_stm32f10x_hd.o(.text)
    USBWakeUp_IRQHandler                     0x08003213   Thumb Code     0  startup_stm32f10x_hd.o(.text)
    USB_HP_CAN1_TX_IRQHandler                0x08003213   Thumb Code     0  startup_stm32f10x_hd.o(.text)
    USB_LP_CAN1_RX0_IRQHandler               0x08003213   Thumb Code     0  startup_stm32f10x_hd.o(.text)
    WWDG_IRQHandler                          0x08003213   Thumb Code     0  startup_stm32f10x_hd.o(.text)
    __aeabi_fmul                             0x0800321d   Thumb Code   108  fmul.o(.text)
    __aeabi_ui2f                             0x08003289   Thumb Code    10  ffltui.o(.text)
    __aeabi_f2uiz                            0x08003293   Thumb Code    40  ffixui.o(.text)
    __I$use$fp                               0x080032bb   Thumb Code     0  iusefp.o(.text)
    _float_round                             0x080032bb   Thumb Code    18  fepilogue.o(.text)
    _float_epilogue                          0x080032cd   Thumb Code    90  fepilogue.o(.text)
    __scatterload                            0x08003329   Thumb Code    28  init.o(.text)
    __scatterload_rt2                        0x08003329   Thumb Code     0  init.o(.text)
    __scatterload_copy                       0x0800334d   Thumb Code    14  handlers.o(i.__scatterload_copy)
    __scatterload_null                       0x0800335b   Thumb Code     2  handlers.o(i.__scatterload_null)
    __scatterload_zeroinit                   0x0800335d   Thumb Code    14  handlers.o(i.__scatterload_zeroinit)
    Divergence_MEM                           0x0800336c   Data         152  glow_tube_display.o(.constdata)
    Region$$Table$$Base                      0x08003404   Number         0  anon$$obj.o(Region$$Table)
    Region$$Table$$Limit                     0x08003424   Number         0  anon$$obj.o(Region$$Table)
    SystemCoreClock                          0x20000000   Data           4  system_stm32f10x.o(.data)
    AHBPrescTable                            0x20000004   Data          16  system_stm32f10x.o(.data)
    Display_Time                             0x20000014   Data           8  ds3231.o(.data)
    Display_Date                             0x2000001c   Data          13  ds3231.o(.data)
    TimeValue                                0x2000002a   Data           8  ds3231.o(.data)
    Time_Buffer                              0x20000032   Data           7  ds3231.o(.data)
    td                                       0x2000003c   Data           4  glow_tube_display.o(.data)
    IOStat0                                  0x20000040   Data           2  glow_tube_display.o(.data)
    IOStat1                                  0x20000042   Data           2  glow_tube_display.o(.data)
    IOStat2                                  0x20000044   Data           2  glow_tube_display.o(.data)
    IOStat3                                  0x20000046   Data           2  glow_tube_display.o(.data)
    IOStat4                                  0x20000048   Data           2  glow_tube_display.o(.data)
    IOStat5                                  0x2000004a   Data           2  glow_tube_display.o(.data)
    IOStat6                                  0x2000004c   Data           2  glow_tube_display.o(.data)
    IOStat7                                  0x2000004e   Data           2  glow_tube_display.o(.data)
    IOStat8                                  0x20000050   Data           2  glow_tube_display.o(.data)
    IOStat9                                  0x20000052   Data           2  glow_tube_display.o(.data)
    IOStat10                                 0x20000054   Data           2  glow_tube_display.o(.data)
    __initial_sp                             0x20000470   Data           0  startup_stm32f10x_hd.o(STACK)



==============================================================================

Memory Map of the image

  Image Entry point : 0x08000131

  Load Region LR_IROM1 (Base: 0x08000000, Size: 0x00003490, Max: 0x00080000, ABSOLUTE)

    Execution Region ER_IROM1 (Base: 0x08000000, Size: 0x00003424, Max: 0x00080000, ABSOLUTE)

    Base Addr    Size         Type   Attr      Idx    E Section Name        Object

    0x08000000   0x00000130   Data   RO          540    RESET               startup_stm32f10x_hd.o
    0x08000130   0x00000000   Code   RO          545  * .ARM.Collect$$$$00000000  mc_w.l(entry.o)
    0x08000130   0x00000004   Code   RO          554    .ARM.Collect$$$$00000001  mc_w.l(entry2.o)
    0x08000134   0x00000004   Code   RO          557    .ARM.Collect$$$$00000004  mc_w.l(entry5.o)
    0x08000138   0x00000000   Code   RO          559    .ARM.Collect$$$$00000008  mc_w.l(entry7b.o)
    0x08000138   0x00000000   Code   RO          561    .ARM.Collect$$$$0000000A  mc_w.l(entry8b.o)
    0x08000138   0x00000008   Code   RO          562    .ARM.Collect$$$$0000000B  mc_w.l(entry9a.o)
    0x08000140   0x00000000   Code   RO          564    .ARM.Collect$$$$0000000D  mc_w.l(entry10a.o)
    0x08000140   0x00000000   Code   RO          566    .ARM.Collect$$$$0000000F  mc_w.l(entry11a.o)
    0x08000140   0x00000004   Code   RO          555    .ARM.Collect$$$$00002712  mc_w.l(entry2.o)
    0x08000144   0x000001dc   Code   RO           17    .text               system_stm32f10x.o
    0x08000320   0x0000006c   Code   RO          114    .text               main.o
    0x0800038c   0x0000001a   Code   RO          156    .text               stm32f10x_it.o
    0x080003a6   0x0000001e   Code   RO          171    .text               delay.o
    0x080003c4   0x00000398   Code   RO          183    .text               ds3231.o
    0x0800075c   0x00000078   Code   RO          201    .text               gpio.o
    0x080007d4   0x000001c8   Code   RO          213    .text               i2c.o
    0x0800099c   0x00000200   Code   RO          225    .text               usart1.o
    0x08000b9c   0x00001b58   Code   RO          244    .text               glow_tube_display.o
    0x080026f4   0x00000358   Code   RO          404    .text               stm32f10x_gpio.o
    0x08002a4c   0x000003a4   Code   RO          452    .text               stm32f10x_rcc.o
    0x08002df0   0x00000408   Code   RO          514    .text               stm32f10x_usart.o
    0x080031f8   0x00000024   Code   RO          541    .text               startup_stm32f10x_hd.o
    0x0800321c   0x0000006c   Code   RO          548    .text               mf_w.l(fmul.o)
    0x08003288   0x0000000a   Code   RO          550    .text               mf_w.l(ffltui.o)
    0x08003292   0x00000028   Code   RO          552    .text               mf_w.l(ffixui.o)
    0x080032ba   0x00000000   Code   RO          568    .text               mc_w.l(iusefp.o)
    0x080032ba   0x0000006c   Code   RO          569    .text               mf_w.l(fepilogue.o)
    0x08003326   0x00000002   PAD
    0x08003328   0x00000024   Code   RO          571    .text               mc_w.l(init.o)
    0x0800334c   0x0000000e   Code   RO          575    i.__scatterload_copy  mc_w.l(handlers.o)
    0x0800335a   0x00000002   Code   RO          576    i.__scatterload_null  mc_w.l(handlers.o)
    0x0800335c   0x0000000e   Code   RO          577    i.__scatterload_zeroinit  mc_w.l(handlers.o)
    0x0800336a   0x00000002   PAD
    0x0800336c   0x00000098   Data   RO          245    .constdata          glow_tube_display.o
    0x08003404   0x00000020   Data   RO          573    Region$$Table       anon$$obj.o


    Execution Region RW_IRAM1 (Base: 0x20000000, Size: 0x00000470, Max: 0x00010000, ABSOLUTE)

    Base Addr    Size         Type   Attr      Idx    E Section Name        Object

    0x20000000   0x00000014   Data   RW           18    .data               system_stm32f10x.o
    0x20000014   0x00000025   Data   RW          184    .data               ds3231.o
    0x20000039   0x00000003   PAD
    0x2000003c   0x0000001a   Data   RW          246    .data               glow_tube_display.o
    0x20000056   0x00000014   Data   RW          453    .data               stm32f10x_rcc.o
    0x2000006a   0x00000006   PAD
    0x20000070   0x00000400   Zero   RW          538    STACK               startup_stm32f10x_hd.o


==============================================================================

Image component sizes


      Code (inc. data)   RO Data    RW Data    ZI Data      Debug   Object Name

         0          0          0          0          0       4244   core_cm3.o
        30          0          0          0          0        431   delay.o
       920         26          0         37          0       4984   ds3231.o
      7000        442        152         26          0       5758   glow_tube_display.o
       120          6          0          0          0        749   gpio.o
       456          6          0          0          0       1274   i2c.o
       108          6          0          0          0        605   main.o
        36          8        304          0       1024        756   startup_stm32f10x_hd.o
       856         40          0          0          0       5525   stm32f10x_gpio.o
        26          0          0          0          0       1154   stm32f10x_it.o
       932         44          0         20          0       8652   stm32f10x_rcc.o
      1032         22          0          0          0       8244   stm32f10x_usart.o
       476         36          0         20          0     227719   system_stm32f10x.o
       512          8          0          0          0       3756   usart1.o

    ----------------------------------------------------------------------
     12504        644        488        108       1028     273851   Object Totals
         0          0         32          0          0          0   (incl. Generated)
         0          0          0          5          4          0   (incl. Padding)

    ----------------------------------------------------------------------

      Code (inc. data)   RO Data    RW Data    ZI Data      Debug   Library Member Name

         0          0          0          0          0          0   entry.o
         0          0          0          0          0          0   entry10a.o
         0          0          0          0          0          0   entry11a.o
         8          4          0          0          0          0   entry2.o
         4          0          0          0          0          0   entry5.o
         0          0          0          0          0          0   entry7b.o
         0          0          0          0          0          0   entry8b.o
         8          4          0          0          0          0   entry9a.o
        30          0          0          0          0          0   handlers.o
        36          8          0          0          0         68   init.o
         0          0          0          0          0          0   iusefp.o
       108          0          0          0          0        168   fepilogue.o
        40          0          0          0          0         68   ffixui.o
        10          0          0          0          0         68   ffltui.o
       108          0          0          0          0         76   fmul.o

    ----------------------------------------------------------------------
       356         16          0          0          0        448   Library Totals
         4          0          0          0          0          0   (incl. Padding)

    ----------------------------------------------------------------------

      Code (inc. data)   RO Data    RW Data    ZI Data      Debug   Library Name

        86         16          0          0          0         68   mc_w.l
       266          0          0          0          0        380   mf_w.l

    ----------------------------------------------------------------------
       356         16          0          0          0        448   Library Totals

    ----------------------------------------------------------------------

==============================================================================


      Code (inc. data)   RO Data    RW Data    ZI Data      Debug   

     12860        660        488        108       1028     273311   Grand Totals
     12860        660        488        108       1028     273311   ELF Image Totals
     12860        660        488        108          0          0   ROM Totals

==============================================================================

    Total RO  Size (Code + RO Data)                13348 (  13.04kB)
    Total RW  Size (RW Data + ZI Data)              1136 (   1.11kB)
    Total ROM Size (Code + RO Data + RW Data)      13456 (  13.14kB)

==============================================================================

